---
source: src/tests/cases/raw_mode.rs
expression: formatted
---
process: <TIMESTAMP_REMOVED> "1" up/down Bps: 0/44 connections: 1
process: <TIMESTAMP_REMOVED> "4" up/down Bps: 0/39 connections: 1
connection: <TIMESTAMP_REMOVED> :443 => 1.1.1.1:12345 (tcp) up/down Bps: 0/44 process: "1"
connection: <TIMESTAMP_REMOVED> :443 => 2.2.2.2:54321 (tcp) up/down Bps: 0/39 process: "4"
remote_address: <TIMESTAMP_REMOVED> 1.1.1.1 up/down Bps: 0/44 connections: 1
remote_address: <TIMESTAMP_REMOVED> 2.2.2.2 up/down Bps: 0/39 connections: 1

