---
source: src/tests/cases/raw_mode.rs
expression: formatted
---
process: <TIMESTAMP_REMOVED> "1" up/down Bps: 57/61 connections: 1
process: <TIMESTAMP_REMOVED> "5" up/down Bps: 34/37 connections: 1
connection: <TIMESTAMP_REMOVED> :443 => 1.1.1.1:12345 (tcp) up/down Bps: 57/61 process: "1"
connection: <TIMESTAMP_REMOVED> :443 => 3.3.3.3:1337 (tcp) up/down Bps: 34/37 process: "5"
remote_address: <TIMESTAMP_REMOVED> 1.1.1.1 up/down Bps: 57/61 connections: 1
remote_address: <TIMESTAMP_REMOVED> 3.3.3.3 up/down Bps: 34/37 connections: 1
process: <TIMESTAMP_REMOVED> "1" up/down Bps: 37/36 connections: 1
process: <TIMESTAMP_REMOVED> "5" up/down Bps: 32/46 connections: 1
connection: <TIMESTAMP_REMOVED> :443 => 1.1.1.1:12345 (tcp) up/down Bps: 37/36 process: "1"
connection: <TIMESTAMP_REMOVED> :443 => 3.3.3.3:1337 (tcp) up/down Bps: 32/46 process: "5"
remote_address: <TIMESTAMP_REMOVED> 1.1.1.1 up/down Bps: 37/36 connections: 1
remote_address: <TIMESTAMP_REMOVED> 3.3.3.3 up/down Bps: 32/46 connections: 1

