---
source: src/tests/cases/ui.rs
expression: "&terminal_draw_events_mirror[2]"
---
                       69      82                                                                                                                                                             
                                                                                                                                                                                              
                                                                                                                                                                                              
                                                                                                                                                                                              
 5                                                                         32      46                               5 => three.thr e.three.three:1  5                     32      46          
 1                                                                          7       6                                => one.one.on .one:12345 (tcp  1                      7       6          
                                                                                                                                                                                              
                                                                                                                                                                                              
                                                                                                                                                                                              
                                                                                                                                                                                              
                                                                                                                                                                                              
                                                                                                                                                                                              
                                                                                                                                                                                              
                                                                                                                                                                                              
                                                                                                                                                                                              
                                                                                                                                                                                              
                                                                                                                                                                                              
                                                                                                                                                                                              
                                                                                                                                                                                              
                                                                                                                                                                                              
                                                                                                                                                                                              
                                                                                                                                                                                              
                                                                                                                                                                                              
                                                                                                                                                                                              
                                                                                                                                                                                              
                                                                                                                                                                                              
                                                                                                                                                                                              
                                                                                                                                                                                              
<<<<<<< HEAD
                                                                                                three.thre  three.three                                                   32      46          
                                                                                                one.one.on  one                                                            7       6          
=======
                                                                                                three.thre  three.three                                                   33    4             
                                                                                                one.one.on  one                                                           47    48            
>>>>>>> Update UI snapshots for new bandwidth calculation
                                                                                                                                                                                              
                                                                                                                                                                                              
                                                                                                                                                                                              
                                                                                                                                                                                              
                                                                                                                                                                                              
                                                                                                                                                                                              
                                                                                                                                                                                              
                                                                                                                                                                                              
                                                                                                                                                                                              
                                                                                                                                                                                              
                                                                                                                                                                                              
                                                                                                                                                                                              
                                                                                                                                                                                              
                                                                                                                                                                                              
                                                                                                                                                                                              
                                                                                                                                                                                              
                                                                                                                                                                                              
                                                                                                                                                                                              
                                                                                                                                                                                              
                                                                                                                                                                                              

