---
source: src/tests/mod.rs
expression: "&terminal_draw_events_mirror[0]"
---
┌Utilization by connection────────────────────────────────────────────────────────────────────┐┌Utilization by process name──────────────────────────────────────────────────────────────────┐
│Connection                                         Processes            Total Bytes Up/Down  ││Process                        Connection Count               Total Bytes                    │
│                                                                                             ││                                                                                             │
│                                                                                             ││                                                                                             │
│                                                                                             ││                                                                                             │
│                                                                                             ││                                                                                             │
│                                                                                             ││                                                                                             │
│                                                                                             ││                                                                                             │
│                                                                                             ││                                                                                             │
│                                                                                             ││                                                                                             │
│                                                                                             ││                                                                                             │
│                                                                                             ││                                                                                             │
│                                                                                             ││                                                                                             │
│                                                                                             ││                                                                                             │
│                                                                                             ││                                                                                             │
│                                                                                             ││                                                                                             │
│                                                                                             ││                                                                                             │
│                                                                                             ││                                                                                             │
│                                                                                             ││                                                                                             │
│                                                                                             ││                                                                                             │
│                                                                                             ││                                                                                             │
│                                                                                             ││                                                                                             │
│                                                                                             ││                                                                                             │
│                                                                                             ││                                                                                             │
│                                                                                             │└─────────────────────────────────────────────────────────────────────────────────────────────┘
│                                                                                             │┌Utilization by remote ip─────────────────────────────────────────────────────────────────────┐
│                                                                                             ││Remote Address                                     Connection Count     Total Bytes          │
│                                                                                             ││                                                                                             │
│                                                                                             ││                                                                                             │
│                                                                                             ││                                                                                             │
│                                                                                             ││                                                                                             │
│                                                                                             ││                                                                                             │
│                                                                                             ││                                                                                             │
│                                                                                             ││                                                                                             │
│                                                                                             ││                                                                                             │
│                                                                                             ││                                                                                             │
│                                                                                             ││                                                                                             │
│                                                                                             ││                                                                                             │
│                                                                                             ││                                                                                             │
│                                                                                             ││                                                                                             │
│                                                                                             ││                                                                                             │
│                                                                                             ││                                                                                             │
│                                                                                             ││                                                                                             │
│                                                                                             ││                                                                                             │
│                                                                                             ││                                                                                             │
│                                                                                             ││                                                                                             │
│                                                                                             ││                                                                                             │
│                                                                                             ││                                                                                             │
│                                                                                             ││                                                                                             │
└─────────────────────────────────────────────────────────────────────────────────────────────┘└─────────────────────────────────────────────────────────────────────────────────────────────┘

