---
source: tests/cli.rs
expression: "&terminal_draw_events_mirror[1]"
---
[4;2H[38;5;15m10.0.0.2:443 => 1.1.1.1:12345 (tcp)[4;53H1, 2, 3[4;74H0Bps/64Bps[4;97H1[4;128H2[4;159H0Bps/129Bps[5;2H10.0.0.2:443 => 2.2.2.2:54321 (tcp)[5;53H4[5;74H0Bps/73Bps[5;97H2[5;128H1[5;159H0Bps/64Bps[6;2H10.0.0.2:443 => 3.3.3.3:1337 (tcp)[6;53H1[6;74H0Bps/65Bps[6;97H3[6;128H1[6;159H0Bps/64Bps[7;2H10.0.0.2:443 => 4.4.4.4:1337 (tcp)[7;53H4[7;74H0Bps/62Bps[7;97H4[7;128H2[7;159H0Bps/135Bps[29;97H1.1.1.1[29;148H1[29;169H0Bps/64Bps[30;97H2.2.2.2[30;148H1[30;169H0Bps/73Bps[31;97H3.3.3.3[31;148H1[31;169H0Bps/65Bps[32;97H4.4.4.4[32;148H1[32;169H0Bps/62Bps
