---
source: tests/cli.rs
expression: "&terminal_draw_events_mirror[1]"
---
                                                                                                                                                                                              
                                                                                                                                                                                              
                                                                                                                                                                                              
 10.0.0.2:443 => 1.1.1.1:12345 (tcp)                1                    0Bps/64Bps             1                              1                              0Bps/64Bps                      
 10.0.0.2:443 => 3.3.3.3:1337 (tcp)                 5                    0Bps/68Bps             5                              1                              0Bps/68Bps                      
                                                                                                                                                                                              
                                                                                                                                                                                              
                                                                                                                                                                                              
                                                                                                                                                                                              
                                                                                                                                                                                              
                                                                                                                                                                                              
                                                                                                                                                                                              
                                                                                                                                                                                              
                                                                                                                                                                                              
                                                                                                                                                                                              
                                                                                                                                                                                              
                                                                                                                                                                                              
                                                                                                                                                                                              
                                                                                                                                                                                              
                                                                                                                                                                                              
                                                                                                                                                                                              
                                                                                                                                                                                              
                                                                                                                                                                                              
                                                                                                                                                                                              
                                                                                                                                                                                              
                                                                                                                                                                                              
                                                                                                                                                                                              
                                                                                                                                                                                              
                                                                                                1.1.1.1                                            1                    0Bps/64Bps            
                                                                                                3.3.3.3                                            1                    0Bps/68Bps            
                                                                                                                                                                                              
                                                                                                                                                                                              
                                                                                                                                                                                              
                                                                                                                                                                                              
                                                                                                                                                                                              
                                                                                                                                                                                              
                                                                                                                                                                                              
                                                                                                                                                                                              
                                                                                                                                                                                              
                                                                                                                                                                                              
                                                                                                                                                                                              
                                                                                                                                                                                              
                                                                                                                                                                                              
                                                                                                                                                                                              
                                                                                                                                                                                              
                                                                                                                                                                                              
                                                                                                                                                                                              
                                                                                                                                                                                              
                                                                                                                                                                                              
                                                                                                                                                                                              

