---
source: tests/cli.rs
expression: "&terminal_draw_events_mirror[1]"
---
[4;2H[38;5;15m10.0.0.2:443 => 1.1.1.1:12345 (tcp)[4;53H1, 2, 3[4;74H0Bps/64Bps[4;97H1[4;128H1[4;159H0Bps/64Bps[5;2H10.0.0.2:443 => 2.2.2.2:54321 (tcp)[5;53H4[5;74H0Bps/59Bps[5;97H2[5;128H1[5;159H0Bps/64Bps[6;97H3[6;128H1[6;159H0Bps/64Bps[7;97H4[7;128H1[7;159H0Bps/59Bps[29;97H1.1.1.1[29;148H1[29;169H0Bps/64Bps[30;97H2.2.2.2[30;148H1[30;169H0Bps/59Bps
