---
source: tests/cli.rs
expression: "&draw_log_copy.lock().unwrap()[0]"
---
[1;1H┌Utilization[1;14Hby[1;17Hconnection────────────────────────────────────────────────────────────────────┐┌Utilization[1;109Hby[1;112Hprocess[1;120Hname──────────────────────────────────────────────────────────────────┐[2;1H│[38;5;3mConnection[2;53HProcesses[2;74HTotal Bytes Up/Down[2;95H[39m││[38;5;3mProcess[2;128HConnection Count[2;159HTotal Bytes[2;190H[39m│[3;1H│[3;95H││[3;190H│[4;1H│[4;95H││[4;190H│[5;1H│[5;95H││[5;190H│[6;1H│[6;95H││[6;190H│[7;1H│[7;95H││[7;190H│[8;1H│[8;95H││[8;190H│[9;1H│[9;95H││[9;190H│[10;1H│[10;95H││[10;190H│[11;1H│[11;95H││[11;190H│[12;1H│[12;95H││[12;190H│[13;1H│[13;95H││[13;190H│[14;1H│[14;95H││[14;190H│[15;1H│[15;95H││[15;190H│[16;1H│[16;95H││[16;190H│[17;1H│[17;95H││[17;190H│[18;1H│[18;95H││[18;190H│[19;1H│[19;95H││[19;190H│[20;1H│[20;95H││[20;190H│[21;1H│[21;95H││[21;190H│[22;1H│[22;95H││[22;190H│[23;1H│[23;95H││[23;190H│[24;1H│[24;95H││[24;190H│[25;1H│[25;95H│└─────────────────────────────────────────────────────────────────────────────────────────────┘[26;1H│[26;95H│┌Utilization[26;109Hby[26;112Hremote[26;119Hip─────────────────────────────────────────────────────────────────────┐[27;1H│[27;95H││[38;5;3mRemote Address[27;148HConnection Count[27;169HTotal Bytes[27;190H[39m│[28;1H│[28;95H││[28;190H│[29;1H│[29;95H││[29;190H│[30;1H│[30;95H││[30;190H│[31;1H│[31;95H││[31;190H│[32;1H│[32;95H││[32;190H│[33;1H│[33;95H││[33;190H│[34;1H│[34;95H││[34;190H│[35;1H│[35;95H││[35;190H│[36;1H│[36;95H││[36;190H│[37;1H│[37;95H││[37;190H│[38;1H│[38;95H││[38;190H│[39;1H│[39;95H││[39;190H│[40;1H│[40;95H││[40;190H│[41;1H│[41;95H││[41;190H│[42;1H│[42;95H││[42;190H│[43;1H│[43;95H││[43;190H│[44;1H│[44;95H││[44;190H│[45;1H│[45;95H││[45;190H│[46;1H│[46;95H││[46;190H│[47;1H│[47;95H││[47;190H│[48;1H│[48;95H││[48;190H│[49;1H│[49;95H││[49;190H│[50;1H└─────────────────────────────────────────────────────────────────────────────────────────────┘└─────────────────────────────────────────────────────────────────────────────────────────────┘
