---
source: tests/cli.rs
expression: "&terminal_draw_events_mirror[1]"
---
[4;2H[38;5;15m10.0.0.2:443 => 1.1.1.1:12345 (tcp)[4;53H1, 2, 3[4;74H77Bps/81Bps[4;97H1[4;128H2[4;159H131Bps/138Bps[5;2H10.0.0.2:443 => 3.3.3.3:1337 (tcp)[5;53H1[5;74H54Bps/57Bps[5;97H2[5;128H1[5;159H77Bps/81Bps[6;97H3[6;128H1[6;159H77Bps/81Bps[29;97H1.1.1.1[29;148H1[29;169H77Bps/81Bps[30;97H3.3.3.3[30;148H1[30;169H54Bps/57Bps
